程序开始，任意等待阶段均可按 Esc 停止
尝试进入羽毛球预约页面
准备点击羽毛球入口
羽毛球入口点击完成
进入失败，重新尝试
尝试进入羽毛球预约页面
准备点击羽毛球入口
羽毛球入口点击完成
进入失败，重新尝试
尝试进入羽毛球预约页面
准备点击羽毛球入口
羽毛球入口点击完成
进入失败，重新尝试
尝试进入羽毛球预约页面
准备点击羽毛球入口
羽毛球入口点击完成
进入失败，重新尝试
尝试进入羽毛球预约页面
准备点击羽毛球入口
羽毛球入口点击完成
进入失败，重新尝试
尝试进入羽毛球预约页面
准备点击羽毛球入口
羽毛球入口点击完成
进入失败，重新尝试
尝试进入羽毛球预约页面
准备点击羽毛球入口
羽毛球入口点击完成
进入失败，重新尝试
尝试进入羽毛球预约页面
准备点击羽毛球入口
羽毛球入口点击完成
进入失败，重新尝试
尝试进入羽毛球预约页面
准备点击羽毛球入口
羽毛球入口点击完成
进入失败，重新尝试
尝试进入羽毛球预约页面
准备点击羽毛球入口
羽毛球入口点击完成
进入失败，重新尝试
尝试进入羽毛球预约页面
准备点击羽毛球入口
羽毛球入口点击完成
进入失败，重新尝试
尝试进入羽毛球预约页面
准备点击羽毛球入口
羽毛球入口点击完成
进入失败，重新尝试
尝试进入羽毛球预约页面
准备点击羽毛球入口
羽毛球入口点击完成
进入失败，重新尝试
尝试进入羽毛球预约页面
准备点击羽毛球入口
羽毛球入口点击完成
进入失败，重新尝试
尝试进入羽毛球预约页面
准备点击羽毛球入口
羽毛球入口点击完成
进入失败，重新尝试
尝试进入羽毛球预约页面
准备点击羽毛球入口
羽毛球入口点击完成
进入失败，重新尝试
尝试进入羽毛球预约页面
准备点击羽毛球入口
羽毛球入口点击完成
进入失败，重新尝试
尝试进入羽毛球预约页面
准备点击羽毛球入口
羽毛球入口点击完成
进入失败，重新尝试
尝试进入羽毛球预约页面
准备点击羽毛球入口
羽毛球入口点击完成
进入失败，重新尝试
尝试进入羽毛球预约页面
准备点击羽毛球入口
羽毛球入口点击完成
进入失败，重新尝试
尝试进入羽毛球预约页面
准备点击羽毛球入口
羽毛球入口点击完成
进入失败，重新尝试
尝试进入羽毛球预约页面
准备点击羽毛球入口
羽毛球入口点击完成
进入失败，重新尝试
尝试进入羽毛球预约页面
准备点击羽毛球入口
羽毛球入口点击完成
进入失败，重新尝试
尝试进入羽毛球预约页面
准备点击羽毛球入口
羽毛球入口点击完成
进入失败，重新尝试
尝试进入羽毛球预约页面
准备点击羽毛球入口
羽毛球入口点击完成
进入失败，重新尝试
尝试进入羽毛球预约页面
准备点击羽毛球入口
羽毛球入口点击完成
进入失败，重新尝试
尝试进入羽毛球预约页面
准备点击羽毛球入口
羽毛球入口点击完成
进入失败，重新尝试
尝试进入羽毛球预约页面
准备点击羽毛球入口
羽毛球入口点击完成
进入失败，重新尝试
尝试进入羽毛球预约页面
准备点击羽毛球入口
羽毛球入口点击完成
进入失败，重新尝试
尝试进入羽毛球预约页面
准备点击羽毛球入口
羽毛球入口点击完成
进入失败，重新尝试
尝试进入羽毛球预约页面
准备点击羽毛球入口
羽毛球入口点击完成
进入失败，重新尝试
尝试进入羽毛球预约页面
准备点击羽毛球入口
羽毛球入口点击完成
进入失败，重新尝试
尝试进入羽毛球预约页面
准备点击羽毛球入口
羽毛球入口点击完成
进入失败，重新尝试
尝试进入羽毛球预约页面
准备点击羽毛球入口
羽毛球入口点击完成
进入失败，重新尝试
尝试进入羽毛球预约页面
准备点击羽毛球入口
羽毛球入口点击完成
进入失败，重新尝试
尝试进入羽毛球预约页面
准备点击羽毛球入口
羽毛球入口点击完成
进入失败，重新尝试
尝试进入羽毛球预约页面
准备点击羽毛球入口
羽毛球入口点击完成
进入失败，重新尝试
尝试进入羽毛球预约页面
准备点击羽毛球入口
羽毛球入口点击完成
进入失败，重新尝试
尝试进入羽毛球预约页面
准备点击羽毛球入口
羽毛球入口点击完成
进入失败，重新尝试
尝试进入羽毛球预约页面
准备点击羽毛球入口
羽毛球入口点击完成
进入失败，重新尝试
尝试进入羽毛球预约页面
准备点击羽毛球入口
羽毛球入口点击完成
进入失败，重新尝试
尝试进入羽毛球预约页面
准备点击羽毛球入口
羽毛球入口点击完成
进入失败，重新尝试
尝试进入羽毛球预约页面
准备点击羽毛球入口
羽毛球入口点击完成
进入失败，重新尝试
尝试进入羽毛球预约页面
准备点击羽毛球入口
羽毛球入口点击完成
进入失败，重新尝试
尝试进入羽毛球预约页面
准备点击羽毛球入口
羽毛球入口点击完成
进入失败，重新尝试
尝试进入羽毛球预约页面
准备点击羽毛球入口
羽毛球入口点击完成
进入失败，重新尝试
尝试进入羽毛球预约页面
准备点击羽毛球入口
羽毛球入口点击完成
进入失败，重新尝试
尝试进入羽毛球预约页面
准备点击羽毛球入口
羽毛球入口点击完成
进入失败，重新尝试
尝试进入羽毛球预约页面
准备点击羽毛球入口
羽毛球入口点击完成
进入失败，重新尝试
尝试进入羽毛球预约页面
准备点击羽毛球入口
羽毛球入口点击完成
进入失败，重新尝试
尝试进入羽毛球预约页面
准备点击羽毛球入口
羽毛球入口点击完成
进入失败，重新尝试
尝试进入羽毛球预约页面
准备点击羽毛球入口
羽毛球入口点击完成
进入失败，重新尝试
尝试进入羽毛球预约页面
准备点击羽毛球入口
羽毛球入口点击完成
进入失败，重新尝试
尝试进入羽毛球预约页面
准备点击羽毛球入口
羽毛球入口点击完成
进入失败，重新尝试
尝试进入羽毛球预约页面
准备点击羽毛球入口
羽毛球入口点击完成
进入失败，重新尝试
尝试进入羽毛球预约页面
准备点击羽毛球入口
羽毛球入口点击完成
进入失败，重新尝试
尝试进入羽毛球预约页面
准备点击羽毛球入口
羽毛球入口点击完成
进入失败，重新尝试
尝试进入羽毛球预约页面
准备点击羽毛球入口
羽毛球入口点击完成
进入失败，重新尝试
尝试进入羽毛球预约页面
准备点击羽毛球入口
羽毛球入口点击完成
进入失败，重新尝试
尝试进入羽毛球预约页面
准备点击羽毛球入口
羽毛球入口点击完成
进入失败，重新尝试
尝试进入羽毛球预约页面
准备点击羽毛球入口
羽毛球入口点击完成
进入失败，重新尝试
尝试进入羽毛球预约页面
准备点击羽毛球入口
羽毛球入口点击完成
进入失败，重新尝试
尝试进入羽毛球预约页面
准备点击羽毛球入口
羽毛球入口点击完成
进入失败，重新尝试
尝试进入羽毛球预约页面
准备点击羽毛球入口
羽毛球入口点击完成
进入失败，重新尝试
尝试进入羽毛球预约页面
准备点击羽毛球入口
羽毛球入口点击完成
进入失败，重新尝试
尝试进入羽毛球预约页面
准备点击羽毛球入口
羽毛球入口点击完成
进入失败，重新尝试
尝试进入羽毛球预约页面
准备点击羽毛球入口
羽毛球入口点击完成
进入失败，重新尝试
尝试进入羽毛球预约页面
准备点击羽毛球入口
羽毛球入口点击完成
进入失败，重新尝试
尝试进入羽毛球预约页面
准备点击羽毛球入口
羽毛球入口点击完成
进入失败，重新尝试
尝试进入羽毛球预约页面
准备点击羽毛球入口
羽毛球入口点击完成
进入失败，重新尝试
尝试进入羽毛球预约页面
准备点击羽毛球入口
羽毛球入口点击完成
进入失败，重新尝试
尝试进入羽毛球预约页面
准备点击羽毛球入口
羽毛球入口点击完成
进入失败，重新尝试
尝试进入羽毛球预约页面
准备点击羽毛球入口
羽毛球入口点击完成
进入失败，重新尝试
尝试进入羽毛球预约页面
准备点击羽毛球入口
羽毛球入口点击完成
进入失败，重新尝试
尝试进入羽毛球预约页面
准备点击羽毛球入口
羽毛球入口点击完成
进入失败，重新尝试
尝试进入羽毛球预约页面
准备点击羽毛球入口
羽毛球入口点击完成
进入失败，重新尝试
尝试进入羽毛球预约页面
准备点击羽毛球入口
羽毛球入口点击完成
进入失败，重新尝试
尝试进入羽毛球预约页面
准备点击羽毛球入口
羽毛球入口点击完成
进入失败，重新尝试
尝试进入羽毛球预约页面
准备点击羽毛球入口
羽毛球入口点击完成
进入失败，重新尝试
尝试进入羽毛球预约页面
准备点击羽毛球入口
羽毛球入口点击完成
进入失败，重新尝试
尝试进入羽毛球预约页面
准备点击羽毛球入口
羽毛球入口点击完成
进入失败，重新尝试
尝试进入羽毛球预约页面
准备点击羽毛球入口
羽毛球入口点击完成
进入失败，重新尝试
尝试进入羽毛球预约页面
准备点击羽毛球入口
羽毛球入口点击完成
进入失败，重新尝试
尝试进入羽毛球预约页面
准备点击羽毛球入口
羽毛球入口点击完成
进入失败，重新尝试
尝试进入羽毛球预约页面
准备点击羽毛球入口
羽毛球入口点击完成
进入失败，重新尝试
尝试进入羽毛球预约页面
准备点击羽毛球入口
羽毛球入口点击完成
进入失败，重新尝试
尝试进入羽毛球预约页面
准备点击羽毛球入口
羽毛球入口点击完成
进入失败，重新尝试
尝试进入羽毛球预约页面
准备点击羽毛球入口
羽毛球入口点击完成
进入失败，重新尝试
尝试进入羽毛球预约页面
准备点击羽毛球入口
羽毛球入口点击完成
进入失败，重新尝试
尝试进入羽毛球预约页面
准备点击羽毛球入口
羽毛球入口点击完成
进入失败，重新尝试
尝试进入羽毛球预约页面
准备点击羽毛球入口
羽毛球入口点击完成
进入失败，重新尝试
尝试进入羽毛球预约页面
准备点击羽毛球入口
羽毛球入口点击完成
进入失败，重新尝试
尝试进入羽毛球预约页面
准备点击羽毛球入口
羽毛球入口点击完成
进入失败，重新尝试
尝试进入羽毛球预约页面
准备点击羽毛球入口
羽毛球入口点击完成
进入失败，重新尝试
尝试进入羽毛球预约页面
准备点击羽毛球入口
羽毛球入口点击完成
进入失败，重新尝试
尝试进入羽毛球预约页面
准备点击羽毛球入口
羽毛球入口点击完成
进入失败，重新尝试
尝试进入羽毛球预约页面
准备点击羽毛球入口
羽毛球入口点击完成
进入失败，重新尝试
尝试进入羽毛球预约页面
准备点击羽毛球入口
羽毛球入口点击完成
进入失败，重新尝试
尝试进入羽毛球预约页面
准备点击羽毛球入口
羽毛球入口点击完成
进入失败，重新尝试
尝试进入羽毛球预约页面
准备点击羽毛球入口
羽毛球入口点击完成
进入失败，重新尝试
尝试进入羽毛球预约页面
准备点击羽毛球入口
羽毛球入口点击完成
进入失败，重新尝试
尝试进入羽毛球预约页面
准备点击羽毛球入口
羽毛球入口点击完成
进入失败，重新尝试
尝试进入羽毛球预约页面
准备点击羽毛球入口
羽毛球入口点击完成
进入失败，重新尝试
尝试进入羽毛球预约页面
准备点击羽毛球入口
羽毛球入口点击完成
进入失败，重新尝试
尝试进入羽毛球预约页面
准备点击羽毛球入口
羽毛球入口点击完成
进入失败，重新尝试
尝试进入羽毛球预约页面
准备点击羽毛球入口
羽毛球入口点击完成
进入失败，重新尝试
尝试进入羽毛球预约页面
准备点击羽毛球入口
羽毛球入口点击完成
进入失败，重新尝试
尝试进入羽毛球预约页面
准备点击羽毛球入口
羽毛球入口点击完成
进入失败，重新尝试
尝试进入羽毛球预约页面
准备点击羽毛球入口
羽毛球入口点击完成
进入失败，重新尝试
尝试进入羽毛球预约页面
准备点击羽毛球入口
羽毛球入口点击完成
进入失败，重新尝试
尝试进入羽毛球预约页面
准备点击羽毛球入口
羽毛球入口点击完成
进入失败，重新尝试
尝试进入羽毛球预约页面
准备点击羽毛球入口
羽毛球入口点击完成
进入失败，重新尝试
尝试进入羽毛球预约页面
准备点击羽毛球入口
羽毛球入口点击完成
进入失败，重新尝试
尝试进入羽毛球预约页面
准备点击羽毛球入口
羽毛球入口点击完成
进入失败，重新尝试
尝试进入羽毛球预约页面
准备点击羽毛球入口
羽毛球入口点击完成
进入失败，重新尝试
尝试进入羽毛球预约页面
准备点击羽毛球入口
羽毛球入口点击完成
进入失败，重新尝试
尝试进入羽毛球预约页面
准备点击羽毛球入口
羽毛球入口点击完成
进入失败，重新尝试
尝试进入羽毛球预约页面
准备点击羽毛球入口
羽毛球入口点击完成
进入失败，重新尝试
尝试进入羽毛球预约页面
准备点击羽毛球入口
羽毛球入口点击完成
进入失败，重新尝试
尝试进入羽毛球预约页面
准备点击羽毛球入口
羽毛球入口点击完成
进入失败，重新尝试
尝试进入羽毛球预约页面
准备点击羽毛球入口
羽毛球入口点击完成
进入失败，重新尝试
尝试进入羽毛球预约页面
准备点击羽毛球入口
羽毛球入口点击完成
进入失败，重新尝试
尝试进入羽毛球预约页面
准备点击羽毛球入口
羽毛球入口点击完成
进入失败，重新尝试
尝试进入羽毛球预约页面
准备点击羽毛球入口
羽毛球入口点击完成
进入失败，重新尝试
尝试进入羽毛球预约页面
准备点击羽毛球入口
羽毛球入口点击完成
进入失败，重新尝试
尝试进入羽毛球预约页面
准备点击羽毛球入口
羽毛球入口点击完成
进入失败，重新尝试
尝试进入羽毛球预约页面
准备点击羽毛球入口
羽毛球入口点击完成
进入失败，重新尝试
尝试进入羽毛球预约页面
准备点击羽毛球入口
羽毛球入口点击完成
进入失败，重新尝试
尝试进入羽毛球预约页面
准备点击羽毛球入口
羽毛球入口点击完成
进入失败，重新尝试
尝试进入羽毛球预约页面
准备点击羽毛球入口
羽毛球入口点击完成
进入失败，重新尝试
尝试进入羽毛球预约页面
准备点击羽毛球入口
羽毛球入口点击完成
进入失败，重新尝试
尝试进入羽毛球预约页面
准备点击羽毛球入口
羽毛球入口点击完成
进入失败，重新尝试
尝试进入羽毛球预约页面
准备点击羽毛球入口
羽毛球入口点击完成
进入失败，重新尝试
尝试进入羽毛球预约页面
准备点击羽毛球入口
羽毛球入口点击完成
进入失败，重新尝试
尝试进入羽毛球预约页面
准备点击羽毛球入口
羽毛球入口点击完成
进入失败，重新尝试
尝试进入羽毛球预约页面
准备点击羽毛球入口
羽毛球入口点击完成
进入失败，重新尝试
尝试进入羽毛球预约页面
准备点击羽毛球入口
羽毛球入口点击完成
进入失败，重新尝试
尝试进入羽毛球预约页面
准备点击羽毛球入口
羽毛球入口点击完成
进入失败，重新尝试
尝试进入羽毛球预约页面
准备点击羽毛球入口
羽毛球入口点击完成
进入失败，重新尝试
尝试进入羽毛球预约页面
准备点击羽毛球入口
羽毛球入口点击完成
进入失败，重新尝试
尝试进入羽毛球预约页面
准备点击羽毛球入口
羽毛球入口点击完成
进入失败，重新尝试
尝试进入羽毛球预约页面
准备点击羽毛球入口
羽毛球入口点击完成
进入失败，重新尝试
尝试进入羽毛球预约页面
准备点击羽毛球入口
羽毛球入口点击完成
进入失败，重新尝试
尝试进入羽毛球预约页面
准备点击羽毛球入口
羽毛球入口点击完成
进入失败，重新尝试
尝试进入羽毛球预约页面
准备点击羽毛球入口
羽毛球入口点击完成
进入失败，重新尝试
尝试进入羽毛球预约页面
准备点击羽毛球入口
羽毛球入口点击完成
进入失败，重新尝试
尝试进入羽毛球预约页面
准备点击羽毛球入口
羽毛球入口点击完成
成功进入预约页面
找到微信窗口
当前窗口：
-7 0 766 1399
调整完成：位置 (0, 0)，尺寸 (2000, 1400)
开始第 1 轮预约
第 1 次点击第二天
第二天标签已选中，但晚间可预约场地尚未加载
第二天页面加载成功，检测到 1号场 19:00-20:00 可预约
开始扫描目标时段（此时尚未弹出底部信息框）
检测 17号场 19:00-20:00: 可预约 [(255, 255, 255), (255, 255, 255), (255, 255, 255), (255, 255, 255), (255, 255, 255), (255, 255, 255)]
检测 16号场 19:00-20:00: 可预约 [(255, 255, 255), (255, 255, 255), (255, 255, 255), (255, 255, 255), (255, 255, 255), (255, 255, 255)]
检测 15号场 19:00-20:00: 可预约 [(255, 255, 255), (255, 255, 255), (255, 255, 255), (255, 255, 255), (255, 255, 255), (255, 255, 255)]
检测 14号场 19:00-20:00: 可预约 [(255, 255, 255), (255, 255, 255), (255, 255, 255), (255, 255, 255), (255, 255, 255), (255, 255, 255)]
检测 13号场 19:00-20:00: 可预约 [(255, 255, 255), (255, 255, 255), (255, 255, 255), (255, 255, 255), (255, 255, 255), (255, 255, 255)]
检测 12号场 19:00-20:00: 可预约 [(255, 255, 255), (255, 255, 255), (255, 255, 255), (255, 255, 255), (255, 255, 255), (255, 255, 255)]
检测 11号场 19:00-20:00: 可预约 [(255, 255, 255), (255, 255, 255), (255, 255, 255), (255, 255, 255), (255, 255, 255), (255, 255, 255)]
检测 10号场 19:00-20:00: 可预约 [(255, 255, 255), (255, 255, 255), (255, 255, 255), (255, 255, 255), (255, 255, 255), (255, 255, 255)]
检测 9号场 19:00-20:00: 不可预约 [(238, 238, 238), (238, 238, 238), (238, 238, 238), (238, 238, 238), (238, 238, 238), (238, 238, 238)]
检测 8号场 19:00-20:00: 不可预约 [(238, 238, 238), (238, 238, 238), (238, 238, 238), (238, 238, 238), (238, 238, 238), (238, 238, 238)]
检测 7号场 19:00-20:00: 可预约 [(255, 255, 255), (255, 255, 255), (255, 255, 255), (255, 255, 255), (255, 255, 255), (255, 255, 255)]
检测 6号场 19:00-20:00: 可预约 [(255, 255, 255), (255, 255, 255), (255, 255, 255), (255, 255, 255), (255, 255, 255), (255, 255, 255)]
检测 5号场 19:00-20:00: 不可预约 [(238, 238, 238), (238, 238, 238), (238, 238, 238), (238, 238, 238), (238, 238, 238), (238, 238, 238)]
检测 4号场 19:00-20:00: 不可预约 [(238, 238, 238), (238, 238, 238), (238, 238, 238), (238, 238, 238), (238, 238, 238), (238, 238, 238)]
检测 3号场 19:00-20:00: 可预约 [(255, 255, 255), (255, 255, 255), (255, 255, 255), (255, 255, 255), (255, 255, 255), (255, 255, 255)]
检测 2号场 19:00-20:00: 可预约 [(255, 255, 255), (255, 255, 255), (255, 255, 255), (255, 255, 255), (255, 255, 255), (255, 255, 255)]
检测 1号场 19:00-20:00: 可预约 [(255, 255, 255), (255, 255, 255), (255, 255, 255), (255, 255, 255), (255, 255, 255), (255, 255, 255)]
检测 17号场 20:00-21:00: 可预约 [(255, 255, 255), (255, 255, 255), (255, 255, 255), (255, 255, 255), (255, 255, 255), (255, 255, 255)]
检测 16号场 20:00-21:00: 可预约 [(255, 255, 255), (255, 255, 255), (255, 255, 255), (255, 255, 255), (255, 255, 255), (255, 255, 255)]
检测 15号场 20:00-21:00: 可预约 [(255, 255, 255), (255, 255, 255), (255, 255, 255), (255, 255, 255), (255, 255, 255), (255, 255, 255)]
检测 14号场 20:00-21:00: 可预约 [(255, 255, 255), (255, 255, 255), (255, 255, 255), (255, 255, 255), (255, 255, 255), (255, 255, 255)]
检测 13号场 20:00-21:00: 可预约 [(255, 255, 255), (255, 255, 255), (255, 255, 255), (255, 255, 255), (255, 255, 255), (255, 255, 255)]
检测 12号场 20:00-21:00: 可预约 [(255, 255, 255), (255, 255, 255), (255, 255, 255), (255, 255, 255), (255, 255, 255), (255, 255, 255)]
检测 11号场 20:00-21:00: 可预约 [(255, 255, 255), (255, 255, 255), (255, 255, 255), (255, 255, 255), (255, 255, 255), (255, 255, 255)]
检测 10号场 20:00-21:00: 可预约 [(255, 255, 255), (255, 255, 255), (255, 255, 255), (255, 255, 255), (255, 255, 255), (255, 255, 255)]
检测 9号场 20:00-21:00: 不可预约 [(238, 238, 238), (238, 238, 238), (238, 238, 238), (238, 238, 238), (238, 238, 238), (238, 238, 238)]
检测 8号场 20:00-21:00: 不可预约 [(238, 238, 238), (238, 238, 238), (238, 238, 238), (238, 238, 238), (238, 238, 238), (238, 238, 238)]
检测 7号场 20:00-21:00: 可预约 [(255, 255, 255), (255, 255, 255), (255, 255, 255), (255, 255, 255), (255, 255, 255), (255, 255, 255)]
检测 6号场 20:00-21:00: 可预约 [(255, 255, 255), (255, 255, 255), (255, 255, 255), (255, 255, 255), (255, 255, 255), (255, 255, 255)]
检测 5号场 20:00-21:00: 不可预约 [(238, 238, 238), (238, 238, 238), (238, 238, 238), (238, 238, 238), (238, 238, 238), (238, 238, 238)]
检测 4号场 20:00-21:00: 不可预约 [(238, 238, 238), (238, 238, 238), (238, 238, 238), (238, 238, 238), (238, 238, 238), (238, 238, 238)]
检测 3号场 20:00-21:00: 不可预约 [(238, 238, 238), (238, 238, 238), (238, 238, 238), (238, 238, 238), (238, 238, 238), (238, 238, 238)]
检测 2号场 20:00-21:00: 可预约 [(255, 255, 255), (255, 255, 255), (255, 255, 255), (255, 255, 255), (255, 255, 255), (255, 255, 255)]
检测 1号场 20:00-21:00: 可预约 [(255, 255, 255), (255, 255, 255), (255, 255, 255), (255, 255, 255), (255, 255, 255), (255, 255, 255)]
点击前复检 17号场 20:00-21:00: 可预约 [(255, 255, 255), (255, 255, 255), (255, 255, 255), (255, 255, 255), (255, 255, 255), (255, 255, 255)]
点击 17号场 20:00-21:00 无文字区域: (1878, 1242)
提交按钮检测颜色: [(153, 0, 153)]，状态: 已选中
17号场 20:00-21:00 选择成功
点击前复检 17号场 19:00-20:00: 可预约 [(255, 255, 255), (255, 255, 255), (255, 255, 255), (255, 255, 255), (255, 255, 255), (255, 255, 255)]
点击 17号场 19:00-20:00 无文字区域: (1878, 1174)
点击后检测 17号场 19:00-20:00: 已选中 [(153, 0, 153), (153, 0, 153), (153, 0, 153), (153, 0, 153), (153, 0, 153), (153, 0, 153)]
17号场 19:00-20:00 选择成功
最终选中：17号场 20:00-21:00，17号场 19:00-20:00
点击提交预约
提交预约点击完成
等待验证窗口出现...
检测到验证窗口，准备执行一次已录制操作
验证遮罩已消失，等待稳定确认
验证遮罩已稳定消失
点击微信顶部刷新按钮
刷新等待结束，下一步重新点击第二天
开始第 2 轮预约
第 1 次点击第二天
未检测到可预约格子，准备重试
第 2 次点击第二天
未检测到可预约格子，准备重试
第 3 次点击第二天
未检测到可预约格子，准备重试
第 4 次点击第二天
未检测到可预约格子，准备重试
第 5 次点击第二天
未检测到可预约格子，准备重试
多次点击第二天仍未确认成功
点击微信顶部刷新按钮
刷新等待结束，下一步重新点击第二天
开始第 3 轮预约
第 1 次点击第二天
未检测到可预约格子，准备重试
第 2 次点击第二天
未检测到可预约格子，准备重试
第 3 次点击第二天
未检测到可预约格子，准备重试
第 4 次点击第二天
未检测到可预约格子，准备重试
第 5 次点击第二天
未检测到可预约格子，准备重试
多次点击第二天仍未确认成功
点击微信顶部刷新按钮
刷新等待结束，下一步重新点击第二天
开始第 4 轮预约
第 1 次点击第二天
未检测到可预约格子，准备重试
第 2 次点击第二天
未检测到可预约格子，准备重试
第 3 次点击第二天
未检测到可预约格子，准备重试
第 4 次点击第二天
未检测到可预约格子，准备重试
第 5 次点击第二天
未检测到可预约格子，准备重试
多次点击第二天仍未确认成功
点击微信顶部刷新按钮
刷新等待结束，下一步重新点击第二天
开始第 5 轮预约
第 1 次点击第二天
未检测到可预约格子，准备重试
第 2 次点击第二天
未检测到可预约格子，准备重试
第 3 次点击第二天
未检测到可预约格子，准备重试
第 4 次点击第二天
未检测到可预约格子，准备重试
第 5 次点击第二天
未检测到可预约格子，准备重试
多次点击第二天仍未确认成功
点击微信顶部刷新按钮
刷新等待结束，下一步重新点击第二天
开始第 6 轮预约
第 1 次点击第二天
检测到 Esc，停止选择第二天
检测到 Esc，停止刷新
程序已安全停止
